17:52:23.492  === qa_dual_lockstep: fid=17 interval=0.25s ===
17:52:23.492  === columns: rpy=(r,p,y) aim=(x,y,z) claim=(pan,tilt) wire=(pan8,tilt8) ===
17:52:27.586  rpy=(-174.5,-1.2,-86.5) aim=(0.660,-0.751,0.001) claim=(p=0.4202,t=0.0000,s=streaming,cal=True) wire=(p=107,t=128) kind=phone stale=None conn=streaming puck_imu=True puck_stream=True
17:53:15.426  rpy=(-174.5,-1.2,-86.5) aim=(0.567,-0.823,-0.002) claim=(p=0.4076,t=0.0004,s=streaming,cal=True) wire=(p=104,t=128) kind=phone stale=None conn=streaming puck_imu=True puck_stream=True
17:53:19.758  rpy=(-174.5,-1.2,-86.5) aim=(0.566,-0.825,0.001) claim=(p=0.4074,t=0.0000,s=streaming,cal=True) wire=(p=104,t=128) kind=phone stale=None conn=streaming puck_imu=True puck_stream=True
17:53:41.642  rpy=(-174.5,-1.2,-86.5) aim=(0.559,-0.829,0.007) claim=(p=0.4065,t=0.0000,s=streaming,cal=True) wire=(p=104,t=128) kind=phone stale=None conn=streaming puck_imu=True puck_stream=True
17:53:50.556  rpy=(-174.5,-1.2,-86.5) aim=(0.556,-0.831,0.008) claim=(p=0.4062,t=0.0000,s=streaming,cal=True) wire=(p=103,t=128) kind=phone stale=None conn=streaming puck_imu=True puck_stream=True
17:54:03.765  rpy=(-174.5,-1.2,-86.5) aim=(0.538,-0.843,0.009) claim=(p=0.4162,t=0.0000,s=calibrating,cal=True) wire=(p=106,t=128) kind=phone stale=None conn=streaming puck_imu=True puck_stream=True
17:54:08.105  rpy=(-174.5,-1.2,-86.5) aim=(0.538,-0.843,0.009) claim=(p=0.8138,t=0.1339,s=streaming,cal=True) wire=(p=207,t=33) kind=phone stale=None conn=streaming puck_imu=True puck_stream=True
17:54:12.532  rpy=(-174.5,-1.2,-86.5) aim=(-0.878,0.259,-0.401) claim=(p=0.8124,t=0.1301,s=streaming,cal=True) wire=(p=208,t=33) kind=phone stale=None conn=streaming puck_imu=True puck_stream=True
17:54:16.851  rpy=(-174.5,-1.2,-86.5) aim=(-0.487,-0.778,0.398) claim=(p=0.9509,t=0.0000,s=streaming,cal=True) wire=(p=109,t=128) kind=phone stale=None conn=streaming puck_imu=True puck_stream=True
17:54:21.393  rpy=(-174.5,-1.2,-86.5) aim=(0.817,-0.475,0.326) claim=(p=0.4573,t=0.0000,s=streaming,cal=True) wire=(p=117,t=128) kind=phone stale=None conn=streaming puck_imu=True puck_stream=True
17:54:25.881  rpy=(-174.5,-1.2,-86.5) aim=(0.852,-0.420,0.313) claim=(p=0.4620,t=0.0000,s=streaming,cal=True) wire=(p=118,t=128) kind=phone stale=None conn=streaming puck_imu=True puck_stream=True
17:54:35.295  rpy=(-174.5,-1.2,-86.5) aim=(0.856,-0.413,0.311) claim=(p=0.4627,t=0.0000,s=streaming,cal=True) wire=(p=118,t=128) kind=phone stale=None conn=streaming puck_imu=True puck_stream=True
17:55:19.930  rpy=(-174.5,-1.2,-86.5) aim=(0.859,-0.407,0.309) claim=(p=0.4634,t=0.0000,s=streaming,cal=True) wire=(p=118,t=128) kind=phone stale=None conn=streaming puck_imu=True puck_stream=True
17:55:24.279  rpy=(-174.5,-1.2,-86.5) aim=(0.860,-0.406,0.309) claim=(p=0.4635,t=0.0000,s=streaming,cal=True) wire=(p=118,t=128) kind=phone stale=None conn=streaming puck_imu=True puck_stream=True
17:56:03.745  rpy=(-174.5,-1.2,-86.5) aim=(0.865,-0.398,0.307) claim=(p=0.4645,t=0.0000,s=streaming,cal=True) wire=(p=118,t=128) kind=phone stale=None conn=streaming puck_imu=True puck_stream=True
17:56:16.734  rpy=(-174.5,-1.2,-86.5) aim=(0.866,-0.395,0.306) claim=(p=0.4649,t=0.0000,s=streaming,cal=True) wire=(p=119,t=128) kind=phone stale=None conn=streaming puck_imu=True puck_stream=True
17:56:47.135  rpy=(-174.5,-1.2,-86.5) aim=(0.869,-0.390,0.304) claim=(p=0.4656,t=0.0000,s=streaming,cal=True) wire=(p=119,t=128) kind=phone stale=None conn=streaming puck_imu=True puck_stream=True
17:56:51.592  rpy=(-174.5,-1.2,-86.5) aim=(0.870,-0.388,0.304) claim=(p=0.4658,t=0.0000,s=streaming,cal=True) wire=(p=119,t=128) kind=phone stale=None conn=streaming puck_imu=True puck_stream=True
17:57:17.728  rpy=(-174.5,-1.2,-86.5) aim=(0.873,-0.383,0.302) claim=(p=0.4665,t=0.0000,s=streaming,cal=True) wire=(p=119,t=128) kind=phone stale=None conn=streaming puck_imu=True puck_stream=True
17:57:22.042  rpy=(-174.5,-1.2,-86.5) aim=(0.873,-0.383,0.302) claim=(p=0.4663,t=0.0000,s=streaming,cal=True) wire=(p=119,t=128) kind=phone stale=None conn=streaming puck_imu=True puck_stream=True
17:57:35.276  rpy=(-174.5,-1.2,-86.5) aim=(0.870,-0.389,0.304) claim=(p=0.4656,t=0.0000,s=streaming,cal=True) wire=(p=119,t=128) kind=phone stale=None conn=streaming puck_imu=True puck_stream=True
17:57:48.531  rpy=(-174.5,-1.2,-86.5) aim=(0.870,-0.389,0.303) claim=(p=0.4657,t=0.0000,s=streaming,cal=True) wire=(p=117,t=128) kind=phone stale=None conn=streaming puck_imu=True puck_stream=True
17:57:53.009  rpy=(-174.5,-1.2,-86.5) aim=(0.939,-0.285,0.193) claim=(p=None,t=None,s=None,cal=None) wire=(p=173,t=128) kind=phone stale=None conn=streaming puck_imu=True puck_stream=True
17:57:57.331  rpy=(-174.5,-1.2,-86.5) aim=(None,None,None) claim=(p=None,t=None,s=None,cal=None) wire=(p=173,t=128) kind=phone stale=session-ended conn=idle puck_imu=True puck_stream=True
18:03:17.414  rpy=(-174.5,-1.2,-86.5) aim=(None,None,None) claim=(p=0.5000,t=0.5000,s=streaming,cal=False) wire=(p=173,t=128) kind=phone stale=None conn=idle puck_imu=True puck_stream=True
18:03:43.579  rpy=(-174.5,-1.2,-86.5) aim=(-0.901,0.432,0.045) claim=(p=0.7298,t=0.0718,s=streaming,cal=True) wire=(p=107,t=128) kind=phone stale=None conn=streaming puck_imu=True puck_stream=True
18:03:47.905  rpy=(-174.5,-1.2,-86.5) aim=(-0.096,-0.956,0.277) claim=(p=0.4311,t=0.0000,s=streaming,cal=True) wire=(p=51,t=128) kind=phone stale=None conn=streaming puck_imu=True puck_stream=True
18:03:52.291  rpy=(-174.5,-1.2,-86.5) aim=(-0.678,-0.673,0.296) claim=(p=0.2934,t=0.0000,s=streaming,cal=True) wire=(p=80,t=128) kind=phone stale=None conn=streaming puck_imu=True puck_stream=True
18:03:56.763  rpy=(-174.5,-1.2,-86.5) aim=(-0.241,-0.969,0.047) claim=(p=0.2944,t=0.2772,s=streaming,cal=True) wire=(p=173,t=128) kind=phone stale=None conn=streaming puck_imu=True puck_stream=True
18:04:01.134  rpy=(-174.5,-1.2,-86.5) aim=(None,None,None) claim=(p=None,t=None,s=None,cal=None) wire=(p=173,t=128) kind=phone stale=session-ended conn=idle puck_imu=True puck_stream=True
18:09:59.275  rpy=(-174.5,-1.2,-86.5) aim=(None,None,None) claim=(p=None,t=None,s=None,cal=None) wire=(p=173,t=42) kind=phone stale=session-ended conn=idle puck_imu=True puck_stream=True
18:10:03.592  rpy=(-174.5,-1.2,-86.5) aim=(None,None,None) claim=(p=None,t=None,s=None,cal=None) wire=(p=173,t=128) kind=phone stale=session-ended conn=idle puck_imu=True puck_stream=True
18:10:08.006  rpy=(-174.5,-1.2,-86.5) aim=(None,None,None) claim=(p=None,t=None,s=None,cal=None) wire=(p=151,t=128) kind=phone stale=session-ended conn=idle puck_imu=True puck_stream=True
18:10:12.596  rpy=(-174.5,-1.2,-86.5) aim=(None,None,None) claim=(p=None,t=None,s=None,cal=None) wire=(p=194,t=128) kind=phone stale=session-ended conn=idle puck_imu=True puck_stream=True
18:10:16.939  rpy=(-174.5,-1.2,-86.5) aim=(None,None,None) claim=(p=None,t=None,s=None,cal=None) wire=(p=215,t=64) kind=phone stale=session-ended conn=idle puck_imu=True puck_stream=True
18:10:21.255  rpy=(-174.5,-1.2,-86.5) aim=(None,None,None) claim=(p=None,t=None,s=None,cal=None) wire=(p=173,t=128) kind=phone stale=session-ended conn=idle puck_imu=True puck_stream=True
18:13:39.140  rpy=(-174.5,-1.2,-86.5) aim=(None,None,None) claim=(p=None,t=None,s=None,cal=None) wire=(p=None,t=None) kind=phone stale=session-ended conn=idle puck_imu=True puck_stream=True
18:13:47.470  rpy=(None,None,None) aim=(None,None,None) claim=(p=None,t=None,s=None,cal=None) wire=(p=None,t=None) kind=None stale=None conn=None puck_imu=None puck_stream=None
18:14:28.270  rpy=(None,None,None) aim=(None,None,None) claim=(p=None,t=None,s=None,cal=None) wire=(p=173,t=128) kind=None stale=None conn=None puck_imu=None puck_stream=None
18:14:32.596  rpy=(0.0,0.0,0.0) aim=(None,None,None) claim=(p=None,t=None,s=None,cal=None) wire=(p=173,t=128) kind=phone stale=session-ended conn=idle puck_imu=False puck_stream=False
18:16:26.216  rpy=(0.0,0.0,0.0) aim=(None,None,None) claim=(p=None,t=None,s=None,cal=None) wire=(p=173,t=50) kind=phone stale=session-ended conn=idle puck_imu=False puck_stream=False
18:17:26.962  rpy=(0.0,0.0,0.0) aim=(None,None,None) claim=(p=None,t=None,s=None,cal=None) wire=(p=128,t=50) kind=phone stale=session-ended conn=idle puck_imu=False puck_stream=False
18:17:31.264  rpy=(0.0,0.0,0.0) aim=(None,None,None) claim=(p=None,t=None,s=None,cal=None) wire=(p=173,t=50) kind=phone stale=session-ended conn=idle puck_imu=False puck_stream=False
18:17:35.593  rpy=(0.0,0.0,0.0) aim=(None,None,None) claim=(p=None,t=None,s=None,cal=None) wire=(p=173,t=7) kind=phone stale=session-ended conn=idle puck_imu=False puck_stream=False
18:18:05.982  rpy=(0.0,0.0,0.0) aim=(None,None,None) claim=(p=None,t=None,s=None,cal=None) wire=(p=1,t=7) kind=phone stale=session-ended conn=idle puck_imu=False puck_stream=False
18:18:10.302  rpy=(0.0,0.0,0.0) aim=(None,None,None) claim=(p=None,t=None,s=None,cal=None) wire=(p=2,t=7) kind=phone stale=session-ended conn=idle puck_imu=False puck_stream=False
18:18:14.628  rpy=(0.0,0.0,0.0) aim=(None,None,None) claim=(p=None,t=None,s=None,cal=None) wire=(p=128,t=7) kind=phone stale=session-ended conn=idle puck_imu=False puck_stream=False
18:18:18.945  rpy=(0.0,0.0,0.0) aim=(None,None,None) claim=(p=None,t=None,s=None,cal=None) wire=(p=5,t=7) kind=phone stale=session-ended conn=idle puck_imu=False puck_stream=False
18:18:23.278  rpy=(0.0,0.0,0.0) aim=(None,None,None) claim=(p=None,t=None,s=None,cal=None) wire=(p=128,t=7) kind=phone stale=session-ended conn=idle puck_imu=False puck_stream=False
18:19:28.512  rpy=(0.0,0.0,0.0) aim=(None,None,None) claim=(p=None,t=None,s=None,cal=None) wire=(p=100,t=7) kind=phone stale=session-ended conn=idle puck_imu=False puck_stream=False
18:19:32.827  rpy=(0.0,0.0,0.0) aim=(None,None,None) claim=(p=None,t=None,s=None,cal=None) wire=(p=128,t=7) kind=phone stale=session-ended conn=idle puck_imu=False puck_stream=False
